<html>
<body>
<pre>
<h1>µVision Build Log</h1>
<h2>Tool Versions:</h2>
IDE-Version: µVision V5.24.2.0
Copyright (C) 2017 ARM Ltd and ARM Germany GmbH. All rights reserved.
License Information: Tran Thi, UIT, LIC=----
 
Tool Versions:
Toolchain:       MDK-Lite  Version: 5.24.1
Toolchain Path:  D:\KeilC ARM\ARM\ARMCC\Bin
C Compiler:      Armcc.exe V5.06 update 5 (build 528)
Assembler:       Armasm.exe V5.06 update 5 (build 528)
Linker/Locator:  ArmLink.exe V5.06 update 5 (build 528)
Library Manager: ArmAr.exe V5.06 update 5 (build 528)
Hex Converter:   FromElf.exe V5.06 update 5 (build 528)
CPU DLL:         SARMCM3.DLL V5.24.1
Dialog DLL:      DARMSTM.DLL V1.68.0.0
Target DLL:      STLink\ST-LINKIII-KEIL_SWO.dll V3.0.1.0
Dialog DLL:      TARMSTM.DLL V1.66.0.0
 
<h2>Project:</h2>
E:\Offline_Project\Checking_Communication_Device\Checking-Communication-Device\Master_Source\Source.uvprojx
Project File Date:  05/08/2018

<h2>Output:</h2>
*** Using Compiler 'V5.06 update 5 (build 528)', folder: 'D:\KeilC ARM\ARM\ARMCC\Bin'
Build target 'Target 1'
compiling main.c...
..\Libraries\CMSIS\CM3\DeviceSupport\ST\STM32F10x\stm32f10x_conf.h(124): warning:  #1-D: last line of file ends without a newline
  /******************* (C) COPYRIGHT 2011 STMicroelectronics *****END OF FILE****/
delay.h(19): warning:  #1-D: last line of file ends without a newline
  #endif
config.h(32): warning:  #1295-D: Deprecated declaration Clock_reConfig - give arg types
  void Clock_reConfig();
config.h(33): warning:  #1295-D: Deprecated declaration GPIO_Initt - give arg types
  void GPIO_Initt();
config.h(34): warning:  #1295-D: Deprecated declaration Interrupt_Initt - give arg types
  void Interrupt_Initt();
config.h(35): warning:  #1295-D: Deprecated declaration I2C_Initt - give arg types
  void I2C_Initt();
config.h(36): warning:  #1295-D: Deprecated declaration SPI_Initt - give arg types
  void SPI_Initt();
config.h(37): warning:  #1295-D: Deprecated declaration TIM_Initt - give arg types
  void TIM_Initt();
config.h(39): warning:  #1295-D: Deprecated declaration NVIC_Initt - give arg types
  void NVIC_Initt();
main.c(20): warning:  #111-D: statement is unreachable
  	return 0;
main.c(21): warning:  #1-D: last line of file ends without a newline
  }
main.c: 11 warnings, 0 errors
compiling config.c...
..\Libraries\CMSIS\CM3\DeviceSupport\ST\STM32F10x\stm32f10x_conf.h(124): warning:  #1-D: last line of file ends without a newline
  /******************* (C) COPYRIGHT 2011 STMicroelectronics *****END OF FILE****/
delay.h(19): warning:  #1-D: last line of file ends without a newline
  #endif
config.h(32): warning:  #1295-D: Deprecated declaration Clock_reConfig - give arg types
  void Clock_reConfig();
config.h(33): warning:  #1295-D: Deprecated declaration GPIO_Initt - give arg types
  void GPIO_Initt();
config.h(34): warning:  #1295-D: Deprecated declaration Interrupt_Initt - give arg types
  void Interrupt_Initt();
config.h(35): warning:  #1295-D: Deprecated declaration I2C_Initt - give arg types
  void I2C_Initt();
config.h(36): warning:  #1295-D: Deprecated declaration SPI_Initt - give arg types
  void SPI_Initt();
config.h(37): warning:  #1295-D: Deprecated declaration TIM_Initt - give arg types
  void TIM_Initt();
config.h(39): warning:  #1295-D: Deprecated declaration NVIC_Initt - give arg types
  void NVIC_Initt();
config.c: 9 warnings, 0 errors
compiling delay.c...
..\Libraries\CMSIS\CM3\DeviceSupport\ST\STM32F10x\stm32f10x_conf.h(124): warning:  #1-D: last line of file ends without a newline
  /******************* (C) COPYRIGHT 2011 STMicroelectronics *****END OF FILE****/
delay.h(19): warning:  #1-D: last line of file ends without a newline
  #endif
config.h(32): warning:  #1295-D: Deprecated declaration Clock_reConfig - give arg types
  void Clock_reConfig();
config.h(33): warning:  #1295-D: Deprecated declaration GPIO_Initt - give arg types
  void GPIO_Initt();
config.h(34): warning:  #1295-D: Deprecated declaration Interrupt_Initt - give arg types
  void Interrupt_Initt();
config.h(35): warning:  #1295-D: Deprecated declaration I2C_Initt - give arg types
  void I2C_Initt();
config.h(36): warning:  #1295-D: Deprecated declaration SPI_Initt - give arg types
  void SPI_Initt();
config.h(37): warning:  #1295-D: Deprecated declaration TIM_Initt - give arg types
  void TIM_Initt();
config.h(39): warning:  #1295-D: Deprecated declaration NVIC_Initt - give arg types
  void NVIC_Initt();
delay.h(19): warning:  #1-D: last line of file ends without a newline
  #endif
delay.c(15): warning:  #1-D: last line of file ends without a newline
  }
delay.c: 11 warnings, 0 errors
compiling stm32f10x_it.c...
..\Libraries\CMSIS\CM3\DeviceSupport\ST\STM32F10x\stm32f10x_conf.h(124): warning:  #1-D: last line of file ends without a newline
  /******************* (C) COPYRIGHT 2011 STMicroelectronics *****END OF FILE****/
delay.h(19): warning:  #1-D: last line of file ends without a newline
  #endif
config.h(32): warning:  #1295-D: Deprecated declaration Clock_reConfig - give arg types
  void Clock_reConfig();
config.h(33): warning:  #1295-D: Deprecated declaration GPIO_Initt - give arg types
  void GPIO_Initt();
config.h(34): warning:  #1295-D: Deprecated declaration Interrupt_Initt - give arg types
  void Interrupt_Initt();
config.h(35): warning:  #1295-D: Deprecated declaration I2C_Initt - give arg types
  void I2C_Initt();
config.h(36): warning:  #1295-D: Deprecated declaration SPI_Initt - give arg types
  void SPI_Initt();
config.h(37): warning:  #1295-D: Deprecated declaration TIM_Initt - give arg types
  void TIM_Initt();
config.h(39): warning:  #1295-D: Deprecated declaration NVIC_Initt - give arg types
  void NVIC_Initt();
stm32f10x_it.c(559): warning:  #550-D: variable "receivedChar"  was set but never used
  	uint8_t receivedChar;  
stm32f10x_it.c: 10 warnings, 0 errors
linking...
Program Size: Code=2496 RO-data=268 RW-data=52 ZI-data=1636  
".\Objects\Source.axf" - 0 Error(s), 41 Warning(s).

<h2>Software Packages used:</h2>

Package Vendor: ARM
                http://www.keil.com/pack/ARM.CMSIS.5.2.0.pack
                ARM.CMSIS.5.2.0
                CMSIS (Cortex Microcontroller Software Interface Standard)
   * Component: CORE Version: 5.0.2

Package Vendor: Keil
                http://www.keil.com/pack/Keil.STM32F1xx_DFP.2.2.0.pack
                Keil.STM32F1xx_DFP.2.2.0
                STMicroelectronics STM32F1 Series Device Support, Drivers and Examples
   * Component: Startup Version: 1.0.0

<h2>Collection of Component include folders:</h2>
  .\RTE\Device\STM32F103C8
  .\RTE\_Target_1
  D:\KeilC ARM\ARM\PACK\ARM\CMSIS\5.2.0\CMSIS\Include
  D:\KeilC ARM\ARM\PACK\Keil\STM32F1xx_DFP\2.2.0\Device\Include

<h2>Collection of Component Files used:</h2>

   * Component: Keil::Device:Startup:1.0.0
      Source file:   Device\Source\ARM\STM32F1xx_OPT.s
      Include file:  RTE_Driver\Config\RTE_Device.h
      Source file:   Device\Source\ARM\startup_stm32f10x_md.s
      Source file:   Device\Source\system_stm32f10x.c

   * Component: ARM::CMSIS:CORE:5.0.2
Build Time Elapsed:  00:00:02
</pre>
</body>
</html>
